// Jest Snapshot v1, https://goo.gl/fbAQLP

exports[`Test Fuel Code Form FuelCodeForm should display 1`] = `
<div
  className="page-admin-fuel-code"
>
  <h1>
    Edit Fuel
  </h1>
  <form
    onSubmit={[Function]}
  >
    <div
      className="fuel-code-details"
    >
      <div
        className="main-form"
      >
        <div
          className="row"
        >
          <div
            className="col-sm-6"
          >
            <div
              className="form-group"
            >
              <label
                htmlFor="fuel-code"
              >
                Low Carbon Fuel Code:
                <div
                  className="input-group"
                >
                  <span
                    className="input-group-addon"
                  >
                    BCLCF
                  </span>
                  <div
                    style={Object {}}
                  >
                    <input
                      aria-autocomplete="list"
                      aria-expanded={false}
                      autoComplete="off"
                      className="form-control"
                      id="fuelCode"
                      maxLength={11}
                      name="fuelCode"
                      onBlur={[Function]}
                      onChange={[Function]}
                      onClick={[Function]}
                      onFocus={[Function]}
                      onKeyDown={[Function]}
                      onKeyPress={[Function]}
                      onPaste={[Function]}
                      readOnly={false}
                      required={true}
                      role="combobox"
                      type="text"
                      value=""
                    />
                  </div>
                </div>
              </label>
            </div>
          </div>
          <div
            className="col-sm-6"
          >
            <div
              className="form-group"
            >
              <label
                htmlFor="company"
              >
                Company (full legal operating name):
                <div
                  style={Object {}}
                >
                  <input
                    aria-autocomplete="list"
                    aria-expanded={false}
                    autoComplete="off"
                    className="form-control"
                    id="company"
                    maxLength={100}
                    name="company"
                    onBlur={[Function]}
                    onChange={[Function]}
                    onClick={[Function]}
                    onFocus={[Function]}
                    onKeyDown={[Function]}
                    onKeyPress={[Function]}
                    required={true}
                    role="combobox"
                    type="text"
                    value=""
                  />
                </div>
              </label>
            </div>
          </div>
        </div>
        <div
          className="row"
        >
          <div
            className="col-sm-6"
          >
            <div
              className="form-group"
            >
              <label
                htmlFor="carbon-intensity"
              >
                Carbon Intensity (gCO
                <sub>
                  2
                </sub>
                e/MJ):
                <div
                  className=""
                >
                  <input
                    className="form-control"
                    data-number-to-fixed={2}
                    id="carbon-intensity"
                    max="999.99"
                    min="0"
                    name="carbonIntensity"
                    onChange={[Function]}
                    onKeyPress={[Function]}
                    onPaste={[Function]}
                    placeholder=""
                    required={true}
                    step="0.01"
                    type="number"
                    value=""
                  />
                </div>
              </label>
            </div>
          </div>
        </div>
        <div
          className="row"
        >
          <div
            className="col-sm-6"
          >
            <div
              className="form-group"
            >
              <label
                htmlFor="application-date"
              >
                Application Date:
                <input
                  className="form-control"
                  id="application-date"
                  max="9999-12-31"
                  name="applicationDate"
                  onChange={[Function]}
                  type="date"
                />
              </label>
            </div>
          </div>
        </div>
        <div
          className="row"
        >
          <div
            className="col-sm-6"
          >
            <div
              className="form-group"
            >
              <label
                htmlFor="effective-date"
              >
                Effective Date:
                <input
                  className="form-control"
                  id="effective-date"
                  max="9999-12-31"
                  name="effectiveDate"
                  onChange={[Function]}
                  type="date"
                />
              </label>
            </div>
          </div>
          <div
            className="col-sm-6"
          >
            <div
              className="form-group"
            >
              <label
                htmlFor="expiry-date"
              >
                Expiry Date:
                <input
                  className="form-control"
                  id="expiry-date"
                  max="9999-12-31"
                  name="expiryDate"
                  onChange={[Function]}
                  type="date"
                />
              </label>
            </div>
          </div>
        </div>
        <div
          className="row"
        >
          <div
            className="col-sm-6"
          >
            <div
              className="form-group"
            >
              <label
                htmlFor="fuel"
              >
                Fuel:
                <select
                  className="form-control"
                  id="fuel"
                  name="fuel"
                  onChange={[Function]}
                  required="required"
                >
                  <option
                    default={true}
                    value=""
                  />
                </select>
              </label>
            </div>
          </div>
        </div>
        <div
          className="row"
        >
          <div
            className="col-sm-6"
          >
            <div
              className="form-group"
            >
              <label
                htmlFor="feedstock"
              >
                Feedstock:
                <div
                  style={Object {}}
                >
                  <input
                    aria-autocomplete="list"
                    aria-expanded={false}
                    autoComplete="off"
                    className="form-control"
                    id="feedstock"
                    maxLength={100}
                    name="feedstock"
                    onBlur={[Function]}
                    onChange={[Function]}
                    onClick={[Function]}
                    onFocus={[Function]}
                    onKeyDown={[Function]}
                    onKeyPress={[Function]}
                    required={true}
                    role="combobox"
                    type="text"
                    value=""
                  />
                </div>
              </label>
            </div>
          </div>
        </div>
        <div
          className="row"
        >
          <div
            className="col-sm-6"
          >
            <div
              className="form-group"
            >
              <label
                htmlFor="feedstock-location"
              >
                Feedstock Location (e.g. US Central, Manitoba, Japan):
                <div
                  style={Object {}}
                >
                  <input
                    aria-autocomplete="list"
                    aria-expanded={false}
                    autoComplete="off"
                    className="form-control"
                    id="feedstockLocation"
                    maxLength={100}
                    name="feedstockLocation"
                    onBlur={[Function]}
                    onChange={[Function]}
                    onClick={[Function]}
                    onFocus={[Function]}
                    onKeyDown={[Function]}
                    onKeyPress={[Function]}
                    required={true}
                    role="combobox"
                    type="text"
                    value=""
                  />
                </div>
              </label>
            </div>
          </div>
          <div
            className="col-sm-6"
          >
            <div
              className="form-group"
            >
              <label
                htmlFor="feedstock-miscellaneous"
              >
                Feedstock Misc (e.g. methane capture, no peat, etc.):
                <div
                  style={Object {}}
                >
                  <input
                    aria-autocomplete="list"
                    aria-expanded={false}
                    autoComplete="off"
                    className="form-control"
                    id="feedstockMisc"
                    maxLength={100}
                    name="feedstockMisc"
                    onBlur={[Function]}
                    onChange={[Function]}
                    onClick={[Function]}
                    onFocus={[Function]}
                    onKeyDown={[Function]}
                    onKeyPress={[Function]}
                    required={false}
                    role="combobox"
                    type="text"
                    value=""
                  />
                </div>
              </label>
            </div>
          </div>
        </div>
        <div
          className="row"
        >
          <div
            className="col-sm-6"
          >
            <div
              className="form-group"
            >
              <label
                htmlFor="facility-location"
              >
                Fuel Production Facility Location (City, Province/State/Country):
                <div
                  style={Object {}}
                >
                  <input
                    aria-autocomplete="list"
                    aria-expanded={false}
                    autoComplete="off"
                    className="form-control"
                    id="facilityLocation"
                    maxLength={100}
                    name="facilityLocation"
                    onBlur={[Function]}
                    onChange={[Function]}
                    onClick={[Function]}
                    onFocus={[Function]}
                    onKeyDown={[Function]}
                    onKeyPress={[Function]}
                    required={true}
                    role="combobox"
                    type="text"
                    value=""
                  />
                </div>
              </label>
            </div>
          </div>
          <div
            className="col-sm-6"
          >
            <div
              className="form-group"
            >
              <label
                htmlFor="facility-nameplate"
              >
                Fuel Production Facility Nameplate Capacity (litres/GJ per year):
                <input
                  className="form-control"
                  id="facility-nameplate"
                  maxLength="13"
                  name="facilityNameplate"
                  onChange={[Function]}
                  type="text"
                />
              </label>
            </div>
          </div>
        </div>
        <div
          className="row"
        >
          <div
            className="col-sm-6"
          >
            <div
              className="form-group"
            >
              <label
                htmlFor="feedstock-transport-mode"
              >
                Feedstock Transport Mode (use ctrl key to select multiple modes):
                <select
                  className="form-control"
                  id="feedstock-transport-mode"
                  multiple={true}
                  name="feedstockTransportMode"
                  onChange={[Function]}
                  value={Array []}
                >
                  <option
                    value="Truck"
                  >
                    Truck
                  </option>
                  <option
                    value="Rail"
                  >
                    Rail
                  </option>
                </select>
              </label>
            </div>
          </div>
          <div
            className="col-sm-6"
          >
            <div
              className="form-group"
            >
              <label
                htmlFor="fuel-transport-mode"
              >
                Finished Fuel Transport Mode (use ctrl key to select multiple modes):
                <select
                  className="form-control"
                  id="fuel-transport-mode"
                  multiple={true}
                  name="fuelTransportMode"
                  onChange={[Function]}
                  value={Array []}
                >
                  <option
                    value="Truck"
                  >
                    Truck
                  </option>
                  <option
                    value="Rail"
                  >
                    Rail
                  </option>
                </select>
              </label>
            </div>
          </div>
        </div>
        <div
          className="row"
        >
          <div
            className="col-sm-6"
          >
            <label
              htmlFor="former-company-name"
            >
              Former Company Name:
              <div
                style={Object {}}
              >
                <input
                  aria-autocomplete="list"
                  aria-expanded={false}
                  autoComplete="off"
                  className="form-control"
                  id="formerCompany"
                  maxLength={100}
                  name="formerCompany"
                  onBlur={[Function]}
                  onChange={[Function]}
                  onClick={[Function]}
                  onFocus={[Function]}
                  onKeyDown={[Function]}
                  onKeyPress={[Function]}
                  required={false}
                  role="combobox"
                  type="text"
                  value=""
                />
              </div>
            </label>
          </div>
        </div>
        <div
          className="row"
        >
          <div
            className="col-sm-6"
          >
            <label
              htmlFor="approval-date"
            >
              Approval Date:
              <input
                className="form-control"
                id="approval-date"
                max="9999-12-31"
                name="approvalDate"
                onChange={[Function]}
                type="date"
              />
            </label>
          </div>
        </div>
      </div>
    </div>
    <div
      className="fuel-code-actions"
    >
      <div
        className="btn-container"
      >
        <button
          className="btn btn-default"
          onClick={[Function]}
          type="button"
        >
           
          Back
        </button>
        <div
          className="overlay-trigger"
          onBlur={[Function]}
          onClick={null}
          onFocus={[Function]}
          onMouseOut={[Function]}
          onMouseOver={[Function]}
        >
          <button
            className="btn btn-default"
            disabled={true}
            type="submit"
          >
             
            Save Draft
          </button>
        </div>
        <div
          className="overlay-trigger"
          onBlur={[Function]}
          onClick={null}
          onFocus={[Function]}
          onMouseOut={[Function]}
          onMouseOver={[Function]}
        >
          <button
            className="btn btn-primary"
            data-target="#confirmSubmit"
            data-toggle="modal"
            disabled={true}
            type="button"
          >
             Add
          </button>
        </div>
      </div>
    </div>
  </form>
</div>
`;
