// Jest Snapshot v1, https://goo.gl/fbAQLP

exports[`Test Fuel Code Form FuelCodeForm should display 1`] = `
<div
  className="page-admin-fuel-code"
>
  <h1>
    Edit Fuel
  </h1>
  <form
    onSubmit={[Function]}
  >
    <div
      className="fuel-code-details"
    >
      <div
        className="main-form"
      >
        <div
          className="row"
        >
          <div
            className="col-sm-6"
          >
            <div
              className="form-group"
            >
              <label
                htmlFor="fuel-code"
              >
                Low Carbon Fuel Code:
                <div
                  className="input-group"
                >
                  <span
                    className="input-group-addon"
                  >
                    BCLCF
                  </span>
                  <input
                    className="form-control"
                    id="fuel-code"
                    name="fuelCode"
                    onChange={[Function]}
                    required="required"
                    type="text"
                  />
                </div>
              </label>
            </div>
          </div>
          <div
            className="col-sm-6"
          >
            <div
              className="form-group"
            >
              <label
                htmlFor="company"
              >
                Company:
                <div
                  style={Object {}}
                >
                  <input
                    aria-autocomplete="list"
                    aria-expanded={false}
                    autoComplete="off"
                    className="form-control"
                    id="company"
                    name="company"
                    onBlur={[Function]}
                    onChange={[Function]}
                    onClick={[Function]}
                    onFocus={[Function]}
                    onKeyDown={[Function]}
                    required={true}
                    role="combobox"
                    type="text"
                    value=""
                  />
                </div>
              </label>
            </div>
          </div>
        </div>
        <div
          className="row"
        >
          <div
            className="col-sm-6"
          >
            <div
              className="form-group"
            >
              <label
                htmlFor="carbon-intensity"
              >
                Carbon Intensity:
                <input
                  className="form-control"
                  id="carbon-intensity"
                  name="carbonIntensity"
                  onChange={[Function]}
                  required="required"
                  step="0.01"
                  type="number"
                />
              </label>
            </div>
          </div>
        </div>
        <div
          className="row"
        >
          <div
            className="col-sm-6"
          >
            <div
              className="form-group"
            >
              <label
                htmlFor="application-date"
              >
                Application Date:
                <input
                  className="form-control"
                  id="application-date"
                  max="9999-12-31"
                  name="applicationDate"
                  onChange={[Function]}
                  type="date"
                />
              </label>
            </div>
          </div>
        </div>
        <div
          className="row"
        >
          <div
            className="col-sm-6"
          >
            <div
              className="form-group"
            >
              <label
                htmlFor="effective-date"
              >
                Effective Date:
                <input
                  className="form-control"
                  id="effective-date"
                  max="9999-12-31"
                  name="effectiveDate"
                  onChange={[Function]}
                  type="date"
                />
              </label>
            </div>
          </div>
          <div
            className="col-sm-6"
          >
            <div
              className="form-group"
            >
              <label
                htmlFor="expiry-date"
              >
                Expiry Date:
                <input
                  className="form-control"
                  id="expiry-date"
                  max="9999-12-31"
                  name="expiryDate"
                  onChange={[Function]}
                  type="date"
                />
              </label>
            </div>
          </div>
        </div>
        <div
          className="row"
        >
          <div
            className="col-sm-6"
          >
            <div
              className="form-group"
            >
              <label
                htmlFor="fuel"
              >
                Fuel:
                <select
                  className="form-control"
                  id="fuel"
                  name="fuel"
                  onChange={[Function]}
                  required="required"
                >
                  <option
                    default={true}
                    value=""
                  />
                  <option
                    value="LNG"
                  >
                    LNG
                  </option>
                  <option
                    value="Propane"
                  >
                    Propane
                  </option>
                </select>
              </label>
            </div>
          </div>
        </div>
        <div
          className="row"
        >
          <div
            className="col-sm-6"
          >
            <div
              className="form-group"
            >
              <label
                htmlFor="feedstock"
              >
                Feedstock:
                <div
                  style={Object {}}
                >
                  <input
                    aria-autocomplete="list"
                    aria-expanded={false}
                    autoComplete="off"
                    className="form-control"
                    id="feedstock"
                    name="feedstock"
                    onBlur={[Function]}
                    onChange={[Function]}
                    onClick={[Function]}
                    onFocus={[Function]}
                    onKeyDown={[Function]}
                    required={true}
                    role="combobox"
                    type="text"
                    value=""
                  />
                </div>
              </label>
            </div>
          </div>
        </div>
        <div
          className="row"
        >
          <div
            className="col-sm-6"
          >
            <div
              className="form-group"
            >
              <label
                htmlFor="feedstock-location"
              >
                Feedstock Location:
                <div
                  style={Object {}}
                >
                  <input
                    aria-autocomplete="list"
                    aria-expanded={false}
                    autoComplete="off"
                    className="form-control"
                    id="feedstockLocation"
                    name="feedstockLocation"
                    onBlur={[Function]}
                    onChange={[Function]}
                    onClick={[Function]}
                    onFocus={[Function]}
                    onKeyDown={[Function]}
                    required={true}
                    role="combobox"
                    type="text"
                    value=""
                  />
                </div>
              </label>
            </div>
          </div>
          <div
            className="col-sm-6"
          >
            <div
              className="form-group"
            >
              <label
                htmlFor="feedstock-miscellaneous"
              >
                Feedstock Misc:
                <div
                  style={Object {}}
                >
                  <input
                    aria-autocomplete="list"
                    aria-expanded={false}
                    autoComplete="off"
                    className="form-control"
                    id="feedstockMisc"
                    name="feedstockMisc"
                    onBlur={[Function]}
                    onChange={[Function]}
                    onClick={[Function]}
                    onFocus={[Function]}
                    onKeyDown={[Function]}
                    required={false}
                    role="combobox"
                    type="text"
                    value=""
                  />
                </div>
              </label>
            </div>
          </div>
        </div>
        <div
          className="row"
        >
          <div
            className="col-sm-6"
          >
            <div
              className="form-group"
            >
              <label
                htmlFor="facility-location"
              >
                Fuel Production Facility Location (City, Province/State/Country):
                <div
                  style={Object {}}
                >
                  <input
                    aria-autocomplete="list"
                    aria-expanded={false}
                    autoComplete="off"
                    className="form-control"
                    id="facilityLocation"
                    name="facilityLocation"
                    onBlur={[Function]}
                    onChange={[Function]}
                    onClick={[Function]}
                    onFocus={[Function]}
                    onKeyDown={[Function]}
                    required={true}
                    role="combobox"
                    type="text"
                    value=""
                  />
                </div>
              </label>
            </div>
          </div>
          <div
            className="col-sm-6"
          >
            <div
              className="form-group"
            >
              <label
                htmlFor="facility-nameplate"
              >
                Fuel Production Facility Nameplate Capacity (litres/GJ per year):
                <input
                  className="form-control"
                  id="facility-nameplate"
                  name="facilityNameplate"
                  onChange={[Function]}
                  type="number"
                />
              </label>
            </div>
          </div>
        </div>
        <div
          className="row"
        >
          <div
            className="col-sm-6"
          >
            <div
              className="form-group"
            >
              <label
                htmlFor="feedstock-transport-mode"
              >
                Feedstock Transport Mode (use ctrl key to select multiple modes):
                <select
                  className="form-control"
                  id="feedstock-transport-mode"
                  multiple={true}
                  name="feedstockTransportMode"
                  onChange={[Function]}
                >
                  <option
                    value="Truck"
                  >
                    Truck
                  </option>
                  <option
                    value="Rail"
                  >
                    Rail
                  </option>
                </select>
              </label>
            </div>
          </div>
          <div
            className="col-sm-6"
          >
            <div
              className="form-group"
            >
              <label
                htmlFor="fuel-transport-mode"
              >
                Finished Fuel Transport Mode (use ctrl key to select multiple modes):
                <select
                  className="form-control"
                  id="fuel-transport-mode"
                  multiple={true}
                  name="fuelTransportMode"
                  onChange={[Function]}
                >
                  <option
                    value="Truck"
                  >
                    Truck
                  </option>
                  <option
                    value="Rail"
                  >
                    Rail
                  </option>
                </select>
              </label>
            </div>
          </div>
        </div>
        <div
          className="row"
        >
          <div
            className="col-sm-6"
          >
            <label
              htmlFor="former-company-name"
            >
              Former Company Name:
              <div
                style={Object {}}
              >
                <input
                  aria-autocomplete="list"
                  aria-expanded={false}
                  autoComplete="off"
                  className="form-control"
                  id="formerCompany"
                  name="formerCompany"
                  onBlur={[Function]}
                  onChange={[Function]}
                  onClick={[Function]}
                  onFocus={[Function]}
                  onKeyDown={[Function]}
                  required={false}
                  role="combobox"
                  type="text"
                  value=""
                />
              </div>
            </label>
          </div>
        </div>
        <div
          className="row"
        >
          <div
            className="col-sm-6"
          >
            <label
              htmlFor="approval-date"
            >
              Approval Date:
              <input
                className="form-control"
                id="approval-date"
                max="9999-12-31"
                name="approvalDate"
                onChange={[Function]}
                type="date"
              />
            </label>
          </div>
        </div>
      </div>
    </div>
    <div
      className="fuel-code-actions"
    >
      <div
        className="btn-container"
      >
        <button
          className="btn btn-default"
          onClick={[Function]}
          type="button"
        >
           
          Back
        </button>
        <button
          className="btn btn-default"
          disabled={false}
          type="submit"
        >
           
          Save Draft
        </button>
        <button
          className="btn btn-primary"
          data-target="#confirmSubmit"
          data-toggle="modal"
          disabled={false}
          type="button"
        >
           Add
        </button>
      </div>
    </div>
  </form>
</div>
`;
