// Jest Snapshot v1, https://goo.gl/fbAQLP

exports[`FuelCodeDetails should display 1`] = `
<div
  className="page-fuel-code-details"
>
  <div
    className="fuel-code-details"
  >
    <div
      className="row"
    >
      <div
        className="col-sm-6"
      >
        <div
          className="form-group"
        >
          <label
            htmlFor="fuel-code"
          >
            Low Carbon Fuel Code:
            <div
              className="value"
            />
          </label>
        </div>
      </div>
      <div
        className="col-sm-6"
      >
        <div
          className="form-group"
        >
          <label
            htmlFor="fuel-code"
          >
            Company:
            <div
              className="value"
            />
          </label>
        </div>
      </div>
    </div>
    <div
      className="row"
    >
      <div
        className="col-sm-6"
      >
        <div
          className="form-group"
        >
          <label
            htmlFor="carbon-intensity"
          >
            Carbon Intensity:
            <div
              className="value"
            />
          </label>
        </div>
      </div>
    </div>
    <div
      className="row"
    >
      <div
        className="col-sm-6"
      >
        <div
          className="form-group"
        >
          <label
            htmlFor="application-date"
          >
            Application Date:
            <div
              className="value"
            />
          </label>
        </div>
      </div>
    </div>
    <div
      className="row"
    >
      <div
        className="col-sm-6"
      >
        <div
          className="form-group"
        >
          <label
            htmlFor="effective-date"
          >
            Effective Date:
            <div
              className="value"
            />
          </label>
        </div>
      </div>
      <div
        className="col-sm-6"
      >
        <div
          className="form-group"
        >
          <label
            htmlFor="expiry-date"
          >
            Expiry Date:
            <div
              className="value"
            />
          </label>
        </div>
      </div>
    </div>
    <div
      className="row"
    >
      <div
        className="col-sm-6"
      >
        <div
          className="form-group"
        >
          <label
            htmlFor="fuel"
          >
            Fuel:
            <div
              className="value"
            />
          </label>
        </div>
      </div>
    </div>
    <div
      className="row"
    >
      <div
        className="col-sm-6"
      >
        <div
          className="form-group"
        >
          <label
            htmlFor="feedstock"
          >
            Feedstock:
            <div
              className="value"
            />
          </label>
        </div>
      </div>
    </div>
    <div
      className="row"
    >
      <div
        className="col-sm-6"
      >
        <div
          className="form-group"
        >
          <label
            htmlFor="feedstock-location"
          >
            Feedstock Location:
            <div
              className="value"
            />
          </label>
        </div>
      </div>
      <div
        className="col-sm-6"
      >
        <div
          className="form-group"
        >
          <label
            htmlFor="feedstock-miscellaneous"
          >
            Feedstock Miscellaneous:
            <div
              className="value"
            />
          </label>
        </div>
      </div>
    </div>
    <div
      className="row"
    >
      <div
        className="col-sm-6"
      >
        <div
          className="form-group"
        >
          <label
            htmlFor="facility-location"
          >
            Fuel Production Facility Location (City, Province/State/Country):
            <div
              className="value"
            />
          </label>
        </div>
      </div>
      <div
        className="col-sm-6"
      >
        <div
          className="form-group"
        >
          <label
            htmlFor="facility-nameplate"
          >
            Fuel Production Facility Nameplate Capacity (litres/GJ per year):
            <div
              className="value"
            />
          </label>
        </div>
      </div>
    </div>
    <div
      className="row"
    >
      <div
        className="col-sm-6"
      >
        <div
          className="form-group"
        >
          <label
            htmlFor="feedstock-transport-mode"
          >
            Feedstock Transport Mode
            <div
              className="value"
            >
              
            </div>
          </label>
        </div>
      </div>
      <div
        className="col-sm-6"
      >
        <div
          className="form-group"
        >
          <label
            htmlFor="fuel-transport-mode"
          >
            Finished Fuel Transport Mode
            <div
              className="value"
            >
              
            </div>
          </label>
        </div>
      </div>
    </div>
    <div
      className="row"
    >
      <div
        className="col-sm-6"
      >
        <label
          htmlFor="former-company-name"
        >
          Former Company Name:
          <div
            className="value"
          />
        </label>
      </div>
    </div>
    <div
      className="row"
    >
      <div
        className="col-sm-6"
      >
        <label
          htmlFor="approval-date"
        >
          Approval Date:
          <div
            className="value"
          />
        </label>
      </div>
    </div>
  </div>
  <div
    className="btn-container"
  >
    <button
      className="btn btn-default"
      onClick={[Function]}
      type="button"
    >
       
      Back
    </button>
    <button
      className="btn btn-default"
      onClick={[Function]}
      type="button"
    >
       
      Edit
    </button>
  </div>
</div>
`;
