// Jest Snapshot v1, https://goo.gl/fbAQLP

exports[`ComplianceReports Should render the component 1`] = `
<div
  className="dashboard-fieldset compliance-fieldset"
>
  <h1>
    Compliance Reporting
  </h1>
  <p>
    There are:
  </p>
  <div>
    <div
      className="compliance-fieldset-value"
    >
      <div
        className="value"
      >
        0
      </div>
    </div>
    <div
      className="content"
    >
      <div>
        <button
          onClick={[Function]}
          type="button"
        >
          Report(s) in progress:
        </button>
      </div>
    </div>
    <p>
      <br />
    </p>
  </div>
  <div>
    <div
      className="content"
    >
      <h2>
        View all reports:
      </h2>
      <div>
        <button
          onClick={[Function]}
          type="button"
        >
          Current compliance period
        </button>
         | 
        <button
          onClick={[Function]}
          type="button"
        >
          All/historical
        </button>
      </div>
    </div>
    <p>
      <br />
    </p>
  </div>
</div>
`;

exports[`ComplianceReports Should render the component with complianceReports 1`] = `
<div
  className="dashboard-fieldset compliance-fieldset"
>
  <h1>
    Compliance Reporting
  </h1>
  <p>
    There are:
  </p>
  <div>
    <div
      className="compliance-fieldset-value"
    >
      <div
        className="value"
      >
        3
      </div>
    </div>
    <div
      className="content"
    >
      <div>
        <button
          onClick={[Function]}
          type="button"
        >
          Report(s) in progress:
        </button>
      </div>
    </div>
    <p>
      <br />
    </p>
  </div>
  <div>
    <div
      className="content"
    >
      <h2>
        View all reports:
      </h2>
      <div>
        <button
          onClick={[Function]}
          type="button"
        >
          Current compliance period
        </button>
         | 
        <button
          onClick={[Function]}
          type="button"
        >
          All/historical
        </button>
      </div>
    </div>
    <p>
      <br />
    </p>
  </div>
</div>
`;
