// Jest Snapshot v1, https://goo.gl/fbAQLP

exports[`ScheduleBContainer should match snapshot 1`] = `
<div
  className="page_schedule spreadsheet-component"
>
  <div
    className="draggable-bounds"
  >
    <h1>
      Schedule B - Part 3 Fuel Supply
       
    </h1>
    <p>
      Report the fuel volumes supplied for transportation. Do not include fuel volumes supplied for purposes other than transportation in Schedule B; please report those fuel quantities in Schedule C.
    </p>
    <div
      className="scrollable"
    >
      <span
        className="data-grid-container"
        onKeyDown={[Function]}
        tabIndex="0"
      >
        <table
          className="data-grid spreadsheet schedule-b"
        >
          <tbody>
            <tr>
              <td
                className="cell read-only"
                onContextMenu={[Function]}
                onDoubleClick={[Function]}
                onMouseDown={[Function]}
                onMouseOver={[Function]}
                onTouchEnd={[Function]}
                style={null}
              >
                <span
                  className="value-viewer"
                >
                  
                </span>
              </td>
              <td
                className="cell read-only"
                colSpan={4}
                onContextMenu={[Function]}
                onDoubleClick={[Function]}
                onMouseDown={[Function]}
                onMouseOver={[Function]}
                onTouchEnd={[Function]}
                style={null}
              >
                <span
                  className="value-viewer"
                >
                  FUEL IDENTIFICATION
                </span>
              </td>
              <td
                className="cell read-only"
                colSpan={7}
                onContextMenu={[Function]}
                onDoubleClick={[Function]}
                onMouseDown={[Function]}
                onMouseOver={[Function]}
                onTouchEnd={[Function]}
                style={null}
              >
                <span
                  className="value-viewer"
                >
                  ENERGY SUPPLIED BY FUEL CALCULATION
                </span>
              </td>
              <td
                className="cell read-only"
                colSpan={2}
                onContextMenu={[Function]}
                onDoubleClick={[Function]}
                onMouseDown={[Function]}
                onMouseOver={[Function]}
                onTouchEnd={[Function]}
                style={null}
              >
                <span
                  className="value-viewer"
                >
                  
                </span>
              </td>
            </tr>
            <tr>
              <td
                className="row-number cell read-only"
                onContextMenu={[Function]}
                onDoubleClick={[Function]}
                onMouseDown={[Function]}
                onMouseOver={[Function]}
                onTouchEnd={[Function]}
                style={null}
              >
                <span
                  className="value-viewer"
                >
                  
                </span>
              </td>
              <td
                className="fuel-type cell read-only"
                onContextMenu={[Function]}
                onDoubleClick={[Function]}
                onMouseDown={[Function]}
                onMouseOver={[Function]}
                onTouchEnd={[Function]}
                style={null}
              >
                <span
                  className="value-viewer"
                >
                  <div>
                    Fuel Type 
                    <div
                      className="overlay-trigger"
                      onBlur={[Function]}
                      onClick={null}
                      onFocus={[Function]}
                      onMouseOut={[Function]}
                      onMouseOver={[Function]}
                    >
                      <svg
                        aria-hidden="true"
                        className="svg-inline--fa fa-info-circle fa-w-16 "
                        data-icon="info-circle"
                        data-prefix="fas"
                        role="img"
                        style={{}}
                        viewBox="0 0 512 512"
                        xmlns="http://www.w3.org/2000/svg"
                      >
                        <path
                          d="M256 8C119.043 8 8 119.083 8 256c0 136.997 111.043 248 248 248s248-111.003 248-248C504 119.083 392.957 8 256 8zm0 110c23.196 0 42 18.804 42 42s-18.804 42-42 42-42-18.804-42-42 18.804-42 42-42zm56 254c0 6.627-5.373 12-12 12h-88c-6.627 0-12-5.373-12-12v-24c0-6.627 5.373-12 12-12h12v-64h-12c-6.627 0-12-5.373-12-12v-24c0-6.627 5.373-12 12-12h64c6.627 0 12 5.373 12 12v100h12c6.627 0 12 5.373 12 12v24z"
                          fill="currentColor"
                          style={{}}
                        />
                      </svg>
                    </div>
                  </div>
                </span>
              </td>
              <td
                className="fuel-class cell read-only"
                onContextMenu={[Function]}
                onDoubleClick={[Function]}
                onMouseDown={[Function]}
                onMouseOver={[Function]}
                onTouchEnd={[Function]}
                style={null}
              >
                <span
                  className="value-viewer"
                >
                  <div>
                    Fuel Class 
                    <div
                      className="overlay-trigger"
                      onBlur={[Function]}
                      onClick={null}
                      onFocus={[Function]}
                      onMouseOut={[Function]}
                      onMouseOver={[Function]}
                    >
                      <svg
                        aria-hidden="true"
                        className="svg-inline--fa fa-info-circle fa-w-16 "
                        data-icon="info-circle"
                        data-prefix="fas"
                        role="img"
                        style={{}}
                        viewBox="0 0 512 512"
                        xmlns="http://www.w3.org/2000/svg"
                      >
                        <path
                          d="M256 8C119.043 8 8 119.083 8 256c0 136.997 111.043 248 248 248s248-111.003 248-248C504 119.083 392.957 8 256 8zm0 110c23.196 0 42 18.804 42 42s-18.804 42-42 42-42-18.804-42-42 18.804-42 42-42zm56 254c0 6.627-5.373 12-12 12h-88c-6.627 0-12-5.373-12-12v-24c0-6.627 5.373-12 12-12h12v-64h-12c-6.627 0-12-5.373-12-12v-24c0-6.627 5.373-12 12-12h64c6.627 0 12 5.373 12 12v100h12c6.627 0 12 5.373 12 12v24z"
                          fill="currentColor"
                          style={{}}
                        />
                      </svg>
                    </div>
                  </div>
                </span>
              </td>
              <td
                className="provision cell read-only"
                onContextMenu={[Function]}
                onDoubleClick={[Function]}
                onMouseDown={[Function]}
                onMouseOver={[Function]}
                onTouchEnd={[Function]}
                style={null}
              >
                <span
                  className="value-viewer"
                >
                  <div>
                    Provision of the Act Relied Upon to Determine Carbon Intensity 
                    <div
                      className="overlay-trigger"
                      onBlur={[Function]}
                      onClick={null}
                      onFocus={[Function]}
                      onMouseOut={[Function]}
                      onMouseOver={[Function]}
                    >
                      <svg
                        aria-hidden="true"
                        className="svg-inline--fa fa-info-circle fa-w-16 "
                        data-icon="info-circle"
                        data-prefix="fas"
                        role="img"
                        style={{}}
                        viewBox="0 0 512 512"
                        xmlns="http://www.w3.org/2000/svg"
                      >
                        <path
                          d="M256 8C119.043 8 8 119.083 8 256c0 136.997 111.043 248 248 248s248-111.003 248-248C504 119.083 392.957 8 256 8zm0 110c23.196 0 42 18.804 42 42s-18.804 42-42 42-42-18.804-42-42 18.804-42 42-42zm56 254c0 6.627-5.373 12-12 12h-88c-6.627 0-12-5.373-12-12v-24c0-6.627 5.373-12 12-12h12v-64h-12c-6.627 0-12-5.373-12-12v-24c0-6.627 5.373-12 12-12h64c6.627 0 12 5.373 12 12v100h12c6.627 0 12 5.373 12 12v24z"
                          fill="currentColor"
                          style={{}}
                        />
                      </svg>
                    </div>
                  </div>
                </span>
              </td>
              <td
                className="fuel-code cell read-only"
                onContextMenu={[Function]}
                onDoubleClick={[Function]}
                onMouseDown={[Function]}
                onMouseOver={[Function]}
                onTouchEnd={[Function]}
                style={null}
              >
                <span
                  className="value-viewer"
                >
                  <div>
                    Fuel Code or Schedule D Entry
                    <br />
                    (if applicable) 
                    <div
                      className="overlay-trigger"
                      onBlur={[Function]}
                      onClick={null}
                      onFocus={[Function]}
                      onMouseOut={[Function]}
                      onMouseOver={[Function]}
                    >
                      <svg
                        aria-hidden="true"
                        className="svg-inline--fa fa-info-circle fa-w-16 "
                        data-icon="info-circle"
                        data-prefix="fas"
                        role="img"
                        style={{}}
                        viewBox="0 0 512 512"
                        xmlns="http://www.w3.org/2000/svg"
                      >
                        <path
                          d="M256 8C119.043 8 8 119.083 8 256c0 136.997 111.043 248 248 248s248-111.003 248-248C504 119.083 392.957 8 256 8zm0 110c23.196 0 42 18.804 42 42s-18.804 42-42 42-42-18.804-42-42 18.804-42 42-42zm56 254c0 6.627-5.373 12-12 12h-88c-6.627 0-12-5.373-12-12v-24c0-6.627 5.373-12 12-12h12v-64h-12c-6.627 0-12-5.373-12-12v-24c0-6.627 5.373-12 12-12h64c6.627 0 12 5.373 12 12v100h12c6.627 0 12 5.373 12 12v24z"
                          fill="currentColor"
                          style={{}}
                        />
                      </svg>
                    </div>
                  </div>
                </span>
              </td>
              <td
                className="quantity cell read-only"
                onContextMenu={[Function]}
                onDoubleClick={[Function]}
                onMouseDown={[Function]}
                onMouseOver={[Function]}
                onTouchEnd={[Function]}
                style={null}
              >
                <span
                  className="value-viewer"
                >
                  Quantity of Fuel Supplied
                </span>
              </td>
              <td
                className="units cell read-only"
                onContextMenu={[Function]}
                onDoubleClick={[Function]}
                onMouseDown={[Function]}
                onMouseOver={[Function]}
                onTouchEnd={[Function]}
                style={null}
              >
                <span
                  className="value-viewer"
                >
                  <div>
                    Units 
                    <div
                      className="overlay-trigger"
                      onBlur={[Function]}
                      onClick={null}
                      onFocus={[Function]}
                      onMouseOut={[Function]}
                      onMouseOver={[Function]}
                    >
                      <svg
                        aria-hidden="true"
                        className="svg-inline--fa fa-info-circle fa-w-16 "
                        data-icon="info-circle"
                        data-prefix="fas"
                        role="img"
                        style={{}}
                        viewBox="0 0 512 512"
                        xmlns="http://www.w3.org/2000/svg"
                      >
                        <path
                          d="M256 8C119.043 8 8 119.083 8 256c0 136.997 111.043 248 248 248s248-111.003 248-248C504 119.083 392.957 8 256 8zm0 110c23.196 0 42 18.804 42 42s-18.804 42-42 42-42-18.804-42-42 18.804-42 42-42zm56 254c0 6.627-5.373 12-12 12h-88c-6.627 0-12-5.373-12-12v-24c0-6.627 5.373-12 12-12h12v-64h-12c-6.627 0-12-5.373-12-12v-24c0-6.627 5.373-12 12-12h64c6.627 0 12 5.373 12 12v100h12c6.627 0 12 5.373 12 12v24z"
                          fill="currentColor"
                          style={{}}
                        />
                      </svg>
                    </div>
                  </div>
                </span>
              </td>
              <td
                className="density cell read-only"
                onContextMenu={[Function]}
                onDoubleClick={[Function]}
                onMouseDown={[Function]}
                onMouseOver={[Function]}
                onTouchEnd={[Function]}
                style={null}
              >
                <span
                  className="value-viewer"
                >
                  <div>
                    Carbon Intensity Limit
                    <br />
                    (gCO₂e/MJ) 
                    <div
                      className="overlay-trigger"
                      onBlur={[Function]}
                      onClick={null}
                      onFocus={[Function]}
                      onMouseOut={[Function]}
                      onMouseOver={[Function]}
                    >
                      <svg
                        aria-hidden="true"
                        className="svg-inline--fa fa-info-circle fa-w-16 "
                        data-icon="info-circle"
                        data-prefix="fas"
                        role="img"
                        style={{}}
                        viewBox="0 0 512 512"
                        xmlns="http://www.w3.org/2000/svg"
                      >
                        <path
                          d="M256 8C119.043 8 8 119.083 8 256c0 136.997 111.043 248 248 248s248-111.003 248-248C504 119.083 392.957 8 256 8zm0 110c23.196 0 42 18.804 42 42s-18.804 42-42 42-42-18.804-42-42 18.804-42 42-42zm56 254c0 6.627-5.373 12-12 12h-88c-6.627 0-12-5.373-12-12v-24c0-6.627 5.373-12 12-12h12v-64h-12c-6.627 0-12-5.373-12-12v-24c0-6.627 5.373-12 12-12h64c6.627 0 12 5.373 12 12v100h12c6.627 0 12 5.373 12 12v24z"
                          fill="currentColor"
                          style={{}}
                        />
                      </svg>
                    </div>
                  </div>
                </span>
              </td>
              <td
                className="density cell read-only"
                onContextMenu={[Function]}
                onDoubleClick={[Function]}
                onMouseDown={[Function]}
                onMouseOver={[Function]}
                onTouchEnd={[Function]}
                style={null}
              >
                <span
                  className="value-viewer"
                >
                  <div>
                    Carbon Intensity of Fuel
                    <br />
                    (gCO₂e/MJ) 
                    <div
                      className="overlay-trigger"
                      onBlur={[Function]}
                      onClick={null}
                      onFocus={[Function]}
                      onMouseOut={[Function]}
                      onMouseOver={[Function]}
                    >
                      <svg
                        aria-hidden="true"
                        className="svg-inline--fa fa-info-circle fa-w-16 "
                        data-icon="info-circle"
                        data-prefix="fas"
                        role="img"
                        style={{}}
                        viewBox="0 0 512 512"
                        xmlns="http://www.w3.org/2000/svg"
                      >
                        <path
                          d="M256 8C119.043 8 8 119.083 8 256c0 136.997 111.043 248 248 248s248-111.003 248-248C504 119.083 392.957 8 256 8zm0 110c23.196 0 42 18.804 42 42s-18.804 42-42 42-42-18.804-42-42 18.804-42 42-42zm56 254c0 6.627-5.373 12-12 12h-88c-6.627 0-12-5.373-12-12v-24c0-6.627 5.373-12 12-12h12v-64h-12c-6.627 0-12-5.373-12-12v-24c0-6.627 5.373-12 12-12h64c6.627 0 12 5.373 12 12v100h12c6.627 0 12 5.373 12 12v24z"
                          fill="currentColor"
                          style={{}}
                        />
                      </svg>
                    </div>
                  </div>
                </span>
              </td>
              <td
                className="density cell read-only"
                onContextMenu={[Function]}
                onDoubleClick={[Function]}
                onMouseDown={[Function]}
                onMouseOver={[Function]}
                onTouchEnd={[Function]}
                style={null}
              >
                <span
                  className="value-viewer"
                >
                  <div>
                    Energy Density 
                    <div
                      className="overlay-trigger"
                      onBlur={[Function]}
                      onClick={null}
                      onFocus={[Function]}
                      onMouseOut={[Function]}
                      onMouseOver={[Function]}
                    >
                      <svg
                        aria-hidden="true"
                        className="svg-inline--fa fa-info-circle fa-w-16 "
                        data-icon="info-circle"
                        data-prefix="fas"
                        role="img"
                        style={{}}
                        viewBox="0 0 512 512"
                        xmlns="http://www.w3.org/2000/svg"
                      >
                        <path
                          d="M256 8C119.043 8 8 119.083 8 256c0 136.997 111.043 248 248 248s248-111.003 248-248C504 119.083 392.957 8 256 8zm0 110c23.196 0 42 18.804 42 42s-18.804 42-42 42-42-18.804-42-42 18.804-42 42-42zm56 254c0 6.627-5.373 12-12 12h-88c-6.627 0-12-5.373-12-12v-24c0-6.627 5.373-12 12-12h12v-64h-12c-6.627 0-12-5.373-12-12v-24c0-6.627 5.373-12 12-12h64c6.627 0 12 5.373 12 12v100h12c6.627 0 12 5.373 12 12v24z"
                          fill="currentColor"
                          style={{}}
                        />
                      </svg>
                    </div>
                  </div>
                </span>
              </td>
              <td
                className="energy-effectiveness-ratio cell read-only"
                onContextMenu={[Function]}
                onDoubleClick={[Function]}
                onMouseDown={[Function]}
                onMouseOver={[Function]}
                onTouchEnd={[Function]}
                style={null}
              >
                <span
                  className="value-viewer"
                >
                  <div>
                    EER 
                    <div
                      className="overlay-trigger"
                      onBlur={[Function]}
                      onClick={null}
                      onFocus={[Function]}
                      onMouseOut={[Function]}
                      onMouseOver={[Function]}
                    >
                      <svg
                        aria-hidden="true"
                        className="svg-inline--fa fa-info-circle fa-w-16 "
                        data-icon="info-circle"
                        data-prefix="fas"
                        role="img"
                        style={{}}
                        viewBox="0 0 512 512"
                        xmlns="http://www.w3.org/2000/svg"
                      >
                        <path
                          d="M256 8C119.043 8 8 119.083 8 256c0 136.997 111.043 248 248 248s248-111.003 248-248C504 119.083 392.957 8 256 8zm0 110c23.196 0 42 18.804 42 42s-18.804 42-42 42-42-18.804-42-42 18.804-42 42-42zm56 254c0 6.627-5.373 12-12 12h-88c-6.627 0-12-5.373-12-12v-24c0-6.627 5.373-12 12-12h12v-64h-12c-6.627 0-12-5.373-12-12v-24c0-6.627 5.373-12 12-12h64c6.627 0 12 5.373 12 12v100h12c6.627 0 12 5.373 12 12v24z"
                          fill="currentColor"
                          style={{}}
                        />
                      </svg>
                    </div>
                  </div>
                </span>
              </td>
              <td
                className="energy-content cell read-only"
                onContextMenu={[Function]}
                onDoubleClick={[Function]}
                onMouseDown={[Function]}
                onMouseOver={[Function]}
                onTouchEnd={[Function]}
                style={null}
              >
                <span
                  className="value-viewer"
                >
                  <div>
                    Energy Content (MJ) 
                    <div
                      className="overlay-trigger"
                      onBlur={[Function]}
                      onClick={null}
                      onFocus={[Function]}
                      onMouseOut={[Function]}
                      onMouseOver={[Function]}
                    >
                      <svg
                        aria-hidden="true"
                        className="svg-inline--fa fa-info-circle fa-w-16 "
                        data-icon="info-circle"
                        data-prefix="fas"
                        role="img"
                        style={{}}
                        viewBox="0 0 512 512"
                        xmlns="http://www.w3.org/2000/svg"
                      >
                        <path
                          d="M256 8C119.043 8 8 119.083 8 256c0 136.997 111.043 248 248 248s248-111.003 248-248C504 119.083 392.957 8 256 8zm0 110c23.196 0 42 18.804 42 42s-18.804 42-42 42-42-18.804-42-42 18.804-42 42-42zm56 254c0 6.627-5.373 12-12 12h-88c-6.627 0-12-5.373-12-12v-24c0-6.627 5.373-12 12-12h12v-64h-12c-6.627 0-12-5.373-12-12v-24c0-6.627 5.373-12 12-12h64c6.627 0 12 5.373 12 12v100h12c6.627 0 12 5.373 12 12v24z"
                          fill="currentColor"
                          style={{}}
                        />
                      </svg>
                    </div>
                  </div>
                </span>
              </td>
              <td
                className="credit cell read-only"
                onContextMenu={[Function]}
                onDoubleClick={[Function]}
                onMouseDown={[Function]}
                onMouseOver={[Function]}
                onTouchEnd={[Function]}
                style={null}
              >
                <span
                  className="value-viewer"
                >
                  <div>
                    Compliance Units 
                    <div
                      className="overlay-trigger"
                      onBlur={[Function]}
                      onClick={null}
                      onFocus={[Function]}
                      onMouseOut={[Function]}
                      onMouseOver={[Function]}
                    >
                      <svg
                        aria-hidden="true"
                        className="svg-inline--fa fa-info-circle fa-w-16 "
                        data-icon="info-circle"
                        data-prefix="fas"
                        role="img"
                        style={{}}
                        viewBox="0 0 512 512"
                        xmlns="http://www.w3.org/2000/svg"
                      >
                        <path
                          d="M256 8C119.043 8 8 119.083 8 256c0 136.997 111.043 248 248 248s248-111.003 248-248C504 119.083 392.957 8 256 8zm0 110c23.196 0 42 18.804 42 42s-18.804 42-42 42-42-18.804-42-42 18.804-42 42-42zm56 254c0 6.627-5.373 12-12 12h-88c-6.627 0-12-5.373-12-12v-24c0-6.627 5.373-12 12-12h12v-64h-12c-6.627 0-12-5.373-12-12v-24c0-6.627 5.373-12 12-12h64c6.627 0 12 5.373 12 12v100h12c6.627 0 12 5.373 12 12v24z"
                          fill="currentColor"
                          style={{}}
                        />
                      </svg>
                    </div>
                  </div>
                </span>
              </td>
            </tr>
            <tr>
              <td
                className="row-number cell read-only"
                onContextMenu={[Function]}
                onDoubleClick={[Function]}
                onMouseDown={[Function]}
                onMouseOver={[Function]}
                onTouchEnd={[Function]}
                style={null}
              >
                <span
                  className="value-viewer"
                >
                  1
                </span>
              </td>
              <td
                className="text dropdown-indicator cell read-only"
                onContextMenu={[Function]}
                onDoubleClick={[Function]}
                onMouseDown={[Function]}
                onMouseOver={[Function]}
                onTouchEnd={[Function]}
                style={null}
              >
                <span
                  className="value-viewer"
                >
                  Petroleum-based gasoline
                </span>
              </td>
              <td
                className="text dropdown-indicator cell read-only"
                onContextMenu={[Function]}
                onDoubleClick={[Function]}
                onMouseDown={[Function]}
                onMouseOver={[Function]}
                onTouchEnd={[Function]}
                style={null}
              >
                <span
                  className="value-viewer"
                >
                  Gasoline
                </span>
              </td>
              <td
                className="text dropdown-indicator cell read-only"
                onContextMenu={[Function]}
                onDoubleClick={[Function]}
                onMouseDown={[Function]}
                onMouseOver={[Function]}
                onTouchEnd={[Function]}
                style={null}
              >
                Section 6 (5) (a) - Prescribed carbon intensity
              </td>
              <td
                className="text dropdown-indicator cell read-only"
                onContextMenu={[Function]}
                onDoubleClick={[Function]}
                onMouseDown={[Function]}
                onMouseOver={[Function]}
                onTouchEnd={[Function]}
                style={null}
              >
                <span>
                  
                </span>
              </td>
              <td
                className="number cell read-only"
                onContextMenu={[Function]}
                onDoubleClick={[Function]}
                onMouseDown={[Function]}
                onMouseOver={[Function]}
                onTouchEnd={[Function]}
                style={null}
              >
                <span>
                  120,248,695.00
                </span>
              </td>
              <td
                className="cell read-only"
                onContextMenu={[Function]}
                onDoubleClick={[Function]}
                onMouseDown={[Function]}
                onMouseOver={[Function]}
                onTouchEnd={[Function]}
                style={null}
              >
                <span
                  className="value-viewer"
                >
                  L
                </span>
              </td>
              <td
                className="number cell read-only"
                onContextMenu={[Function]}
                onDoubleClick={[Function]}
                onMouseDown={[Function]}
                onMouseOver={[Function]}
                onTouchEnd={[Function]}
                style={null}
              >
                <span
                  className="value-viewer"
                >
                  77.24
                </span>
              </td>
              <td
                className="number cell read-only"
                onContextMenu={[Function]}
                onDoubleClick={[Function]}
                onMouseDown={[Function]}
                onMouseOver={[Function]}
                onTouchEnd={[Function]}
                style={null}
              >
                <span>
                  88.14
                </span>
              </td>
              <td
                className="number cell read-only"
                onContextMenu={[Function]}
                onDoubleClick={[Function]}
                onMouseDown={[Function]}
                onMouseOver={[Function]}
                onTouchEnd={[Function]}
                style={null}
              >
                <span
                  className="value-viewer"
                >
                  34.69
                </span>
              </td>
              <td
                className="number cell read-only"
                onContextMenu={[Function]}
                onDoubleClick={[Function]}
                onMouseDown={[Function]}
                onMouseOver={[Function]}
                onTouchEnd={[Function]}
                style={null}
              >
                <span
                  className="value-viewer"
                >
                  1.00
                </span>
              </td>
              <td
                className="number cell read-only"
                onContextMenu={[Function]}
                onDoubleClick={[Function]}
                onMouseDown={[Function]}
                onMouseOver={[Function]}
                onTouchEnd={[Function]}
                style={null}
              >
                <span>
                  4,171,427,230
                </span>
              </td>
              <td
                className="number cell read-only"
                onContextMenu={[Function]}
                onDoubleClick={[Function]}
                onMouseDown={[Function]}
                onMouseOver={[Function]}
                onTouchEnd={[Function]}
                style={null}
              >
                <span>
                  -45,469
                </span>
              </td>
            </tr>
            <tr>
              <td
                className="row-number cell read-only"
                onContextMenu={[Function]}
                onDoubleClick={[Function]}
                onMouseDown={[Function]}
                onMouseOver={[Function]}
                onTouchEnd={[Function]}
                style={null}
              >
                <span
                  className="value-viewer"
                >
                  2
                </span>
              </td>
              <td
                className="text dropdown-indicator cell read-only"
                onContextMenu={[Function]}
                onDoubleClick={[Function]}
                onMouseDown={[Function]}
                onMouseOver={[Function]}
                onTouchEnd={[Function]}
                style={null}
              >
                <span
                  className="value-viewer"
                >
                  Ethanol
                </span>
              </td>
              <td
                className="text dropdown-indicator cell read-only"
                onContextMenu={[Function]}
                onDoubleClick={[Function]}
                onMouseDown={[Function]}
                onMouseOver={[Function]}
                onTouchEnd={[Function]}
                style={null}
              >
                <span
                  className="value-viewer"
                >
                  Gasoline
                </span>
              </td>
              <td
                className="text dropdown-indicator cell read-only"
                onContextMenu={[Function]}
                onDoubleClick={[Function]}
                onMouseDown={[Function]}
                onMouseOver={[Function]}
                onTouchEnd={[Function]}
                style={null}
              >
                Section 6 (5) (c) - Approved fuel code
              </td>
              <td
                className="text dropdown-indicator cell read-only"
                onContextMenu={[Function]}
                onDoubleClick={[Function]}
                onMouseDown={[Function]}
                onMouseOver={[Function]}
                onTouchEnd={[Function]}
                style={null}
              >
                BCLCF114.0
              </td>
              <td
                className="number cell read-only"
                onContextMenu={[Function]}
                onDoubleClick={[Function]}
                onMouseDown={[Function]}
                onMouseOver={[Function]}
                onTouchEnd={[Function]}
                style={null}
              >
                <span>
                  25,000,000.00
                </span>
              </td>
              <td
                className="cell read-only"
                onContextMenu={[Function]}
                onDoubleClick={[Function]}
                onMouseDown={[Function]}
                onMouseOver={[Function]}
                onTouchEnd={[Function]}
                style={null}
              >
                <span
                  className="value-viewer"
                >
                  L
                </span>
              </td>
              <td
                className="number cell read-only"
                onContextMenu={[Function]}
                onDoubleClick={[Function]}
                onMouseDown={[Function]}
                onMouseOver={[Function]}
                onTouchEnd={[Function]}
                style={null}
              >
                <span
                  className="value-viewer"
                >
                  77.24
                </span>
              </td>
              <td
                className="number cell read-only"
                onContextMenu={[Function]}
                onDoubleClick={[Function]}
                onMouseDown={[Function]}
                onMouseOver={[Function]}
                onTouchEnd={[Function]}
                style={null}
              >
                <span>
                  38.12
                </span>
              </td>
              <td
                className="number cell read-only"
                onContextMenu={[Function]}
                onDoubleClick={[Function]}
                onMouseDown={[Function]}
                onMouseOver={[Function]}
                onTouchEnd={[Function]}
                style={null}
              >
                <span
                  className="value-viewer"
                >
                  23.58
                </span>
              </td>
              <td
                className="number cell read-only"
                onContextMenu={[Function]}
                onDoubleClick={[Function]}
                onMouseDown={[Function]}
                onMouseOver={[Function]}
                onTouchEnd={[Function]}
                style={null}
              >
                <span
                  className="value-viewer"
                >
                  1.00
                </span>
              </td>
              <td
                className="number cell read-only"
                onContextMenu={[Function]}
                onDoubleClick={[Function]}
                onMouseDown={[Function]}
                onMouseOver={[Function]}
                onTouchEnd={[Function]}
                style={null}
              >
                <span>
                  589,500,000
                </span>
              </td>
              <td
                className="number cell read-only"
                onContextMenu={[Function]}
                onDoubleClick={[Function]}
                onMouseDown={[Function]}
                onMouseOver={[Function]}
                onTouchEnd={[Function]}
                style={null}
              >
                <span>
                  23,061
                </span>
              </td>
            </tr>
            <tr>
              <td
                className="row-number cell read-only"
                onContextMenu={[Function]}
                onDoubleClick={[Function]}
                onMouseDown={[Function]}
                onMouseOver={[Function]}
                onTouchEnd={[Function]}
                style={null}
              >
                <span
                  className="value-viewer"
                >
                  3
                </span>
              </td>
              <td
                className="text dropdown-indicator cell read-only"
                onContextMenu={[Function]}
                onDoubleClick={[Function]}
                onMouseDown={[Function]}
                onMouseOver={[Function]}
                onTouchEnd={[Function]}
                style={null}
              >
                <span
                  className="value-viewer"
                >
                  Petroleum-based diesel
                </span>
              </td>
              <td
                className="text dropdown-indicator cell read-only"
                onContextMenu={[Function]}
                onDoubleClick={[Function]}
                onMouseDown={[Function]}
                onMouseOver={[Function]}
                onTouchEnd={[Function]}
                style={null}
              >
                <span
                  className="value-viewer"
                >
                  Diesel
                </span>
              </td>
              <td
                className="text dropdown-indicator cell read-only"
                onContextMenu={[Function]}
                onDoubleClick={[Function]}
                onMouseDown={[Function]}
                onMouseOver={[Function]}
                onTouchEnd={[Function]}
                style={null}
              >
                Section 6 (5) (b) - Prescribed carbon intensity
              </td>
              <td
                className="text dropdown-indicator cell read-only"
                onContextMenu={[Function]}
                onDoubleClick={[Function]}
                onMouseDown={[Function]}
                onMouseOver={[Function]}
                onTouchEnd={[Function]}
                style={null}
              >
                <span>
                  
                </span>
              </td>
              <td
                className="number cell read-only"
                onContextMenu={[Function]}
                onDoubleClick={[Function]}
                onMouseDown={[Function]}
                onMouseOver={[Function]}
                onTouchEnd={[Function]}
                style={null}
              >
                <span>
                  220,000,000.00
                </span>
              </td>
              <td
                className="cell read-only"
                onContextMenu={[Function]}
                onDoubleClick={[Function]}
                onMouseDown={[Function]}
                onMouseOver={[Function]}
                onTouchEnd={[Function]}
                style={null}
              >
                <span
                  className="value-viewer"
                >
                  L
                </span>
              </td>
              <td
                className="number cell read-only"
                onContextMenu={[Function]}
                onDoubleClick={[Function]}
                onMouseDown={[Function]}
                onMouseOver={[Function]}
                onTouchEnd={[Function]}
                style={null}
              >
                <span
                  className="value-viewer"
                >
                  83.04
                </span>
              </td>
              <td
                className="number cell read-only"
                onContextMenu={[Function]}
                onDoubleClick={[Function]}
                onMouseDown={[Function]}
                onMouseOver={[Function]}
                onTouchEnd={[Function]}
                style={null}
              >
                <span>
                  94.76
                </span>
              </td>
              <td
                className="number cell read-only"
                onContextMenu={[Function]}
                onDoubleClick={[Function]}
                onMouseDown={[Function]}
                onMouseOver={[Function]}
                onTouchEnd={[Function]}
                style={null}
              >
                <span
                  className="value-viewer"
                >
                  38.65
                </span>
              </td>
              <td
                className="number cell read-only"
                onContextMenu={[Function]}
                onDoubleClick={[Function]}
                onMouseDown={[Function]}
                onMouseOver={[Function]}
                onTouchEnd={[Function]}
                style={null}
              >
                <span
                  className="value-viewer"
                >
                  1.00
                </span>
              </td>
              <td
                className="number cell read-only"
                onContextMenu={[Function]}
                onDoubleClick={[Function]}
                onMouseDown={[Function]}
                onMouseOver={[Function]}
                onTouchEnd={[Function]}
                style={null}
              >
                <span>
                  8,503,000,000
                </span>
              </td>
              <td
                className="number cell read-only"
                onContextMenu={[Function]}
                onDoubleClick={[Function]}
                onMouseDown={[Function]}
                onMouseOver={[Function]}
                onTouchEnd={[Function]}
                style={null}
              >
                <span>
                  -99,655
                </span>
              </td>
            </tr>
            <tr>
              <td
                className="row-number cell read-only"
                onContextMenu={[Function]}
                onDoubleClick={[Function]}
                onMouseDown={[Function]}
                onMouseOver={[Function]}
                onTouchEnd={[Function]}
                style={null}
              >
                <span
                  className="value-viewer"
                >
                  4
                </span>
              </td>
              <td
                className="text dropdown-indicator cell read-only"
                onContextMenu={[Function]}
                onDoubleClick={[Function]}
                onMouseDown={[Function]}
                onMouseOver={[Function]}
                onTouchEnd={[Function]}
                style={null}
              >
                <span
                  className="value-viewer"
                >
                  Biodiesel
                </span>
              </td>
              <td
                className="text dropdown-indicator cell read-only"
                onContextMenu={[Function]}
                onDoubleClick={[Function]}
                onMouseDown={[Function]}
                onMouseOver={[Function]}
                onTouchEnd={[Function]}
                style={null}
              >
                <span
                  className="value-viewer"
                >
                  Diesel
                </span>
              </td>
              <td
                className="text dropdown-indicator cell read-only"
                onContextMenu={[Function]}
                onDoubleClick={[Function]}
                onMouseDown={[Function]}
                onMouseOver={[Function]}
                onTouchEnd={[Function]}
                style={null}
              >
                Section 6 (5) (c) - Approved fuel code
              </td>
              <td
                className="text dropdown-indicator cell read-only"
                onContextMenu={[Function]}
                onDoubleClick={[Function]}
                onMouseDown={[Function]}
                onMouseOver={[Function]}
                onTouchEnd={[Function]}
                style={null}
              >
                BCLCF115.0
              </td>
              <td
                className="number cell read-only"
                onContextMenu={[Function]}
                onDoubleClick={[Function]}
                onMouseDown={[Function]}
                onMouseOver={[Function]}
                onTouchEnd={[Function]}
                style={null}
              >
                <span>
                  23,000,000.00
                </span>
              </td>
              <td
                className="cell read-only"
                onContextMenu={[Function]}
                onDoubleClick={[Function]}
                onMouseDown={[Function]}
                onMouseOver={[Function]}
                onTouchEnd={[Function]}
                style={null}
              >
                <span
                  className="value-viewer"
                >
                  L
                </span>
              </td>
              <td
                className="number cell read-only"
                onContextMenu={[Function]}
                onDoubleClick={[Function]}
                onMouseDown={[Function]}
                onMouseOver={[Function]}
                onTouchEnd={[Function]}
                style={null}
              >
                <span
                  className="value-viewer"
                >
                  83.04
                </span>
              </td>
              <td
                className="number cell read-only"
                onContextMenu={[Function]}
                onDoubleClick={[Function]}
                onMouseDown={[Function]}
                onMouseOver={[Function]}
                onTouchEnd={[Function]}
                style={null}
              >
                <span>
                  20.00
                </span>
              </td>
              <td
                className="number cell read-only"
                onContextMenu={[Function]}
                onDoubleClick={[Function]}
                onMouseDown={[Function]}
                onMouseOver={[Function]}
                onTouchEnd={[Function]}
                style={null}
              >
                <span
                  className="value-viewer"
                >
                  35.40
                </span>
              </td>
              <td
                className="number cell read-only"
                onContextMenu={[Function]}
                onDoubleClick={[Function]}
                onMouseDown={[Function]}
                onMouseOver={[Function]}
                onTouchEnd={[Function]}
                style={null}
              >
                <span
                  className="value-viewer"
                >
                  1.00
                </span>
              </td>
              <td
                className="number cell read-only"
                onContextMenu={[Function]}
                onDoubleClick={[Function]}
                onMouseDown={[Function]}
                onMouseOver={[Function]}
                onTouchEnd={[Function]}
                style={null}
              >
                <span>
                  814,200,000
                </span>
              </td>
              <td
                className="number cell read-only"
                onContextMenu={[Function]}
                onDoubleClick={[Function]}
                onMouseDown={[Function]}
                onMouseOver={[Function]}
                onTouchEnd={[Function]}
                style={null}
              >
                <span>
                  51,327
                </span>
              </td>
            </tr>
            <tr>
              <td
                className="row-number cell read-only"
                onContextMenu={[Function]}
                onDoubleClick={[Function]}
                onMouseDown={[Function]}
                onMouseOver={[Function]}
                onTouchEnd={[Function]}
                style={null}
              >
                <span
                  className="value-viewer"
                >
                  5
                </span>
              </td>
              <td
                className="text dropdown-indicator cell read-only"
                onContextMenu={[Function]}
                onDoubleClick={[Function]}
                onMouseDown={[Function]}
                onMouseOver={[Function]}
                onTouchEnd={[Function]}
                style={null}
              >
                <span
                  className="value-viewer"
                >
                  Propane
                </span>
              </td>
              <td
                className="text dropdown-indicator cell read-only"
                onContextMenu={[Function]}
                onDoubleClick={[Function]}
                onMouseDown={[Function]}
                onMouseOver={[Function]}
                onTouchEnd={[Function]}
                style={null}
              >
                <span
                  className="value-viewer"
                >
                  Gasoline
                </span>
              </td>
              <td
                className="text dropdown-indicator cell read-only"
                onContextMenu={[Function]}
                onDoubleClick={[Function]}
                onMouseDown={[Function]}
                onMouseOver={[Function]}
                onTouchEnd={[Function]}
                style={null}
              >
                Section 6 (5) (d) (i) - Default Carbon Intensity Value
              </td>
              <td
                className="text dropdown-indicator cell read-only"
                onContextMenu={[Function]}
                onDoubleClick={[Function]}
                onMouseDown={[Function]}
                onMouseOver={[Function]}
                onTouchEnd={[Function]}
                style={null}
              >
                <span>
                  
                </span>
              </td>
              <td
                className="number cell read-only"
                onContextMenu={[Function]}
                onDoubleClick={[Function]}
                onMouseDown={[Function]}
                onMouseOver={[Function]}
                onTouchEnd={[Function]}
                style={null}
              >
                <span>
                  20,000,000.00
                </span>
              </td>
              <td
                className="cell read-only"
                onContextMenu={[Function]}
                onDoubleClick={[Function]}
                onMouseDown={[Function]}
                onMouseOver={[Function]}
                onTouchEnd={[Function]}
                style={null}
              >
                <span
                  className="value-viewer"
                >
                  L
                </span>
              </td>
              <td
                className="number cell read-only"
                onContextMenu={[Function]}
                onDoubleClick={[Function]}
                onMouseDown={[Function]}
                onMouseOver={[Function]}
                onTouchEnd={[Function]}
                style={null}
              >
                <span
                  className="value-viewer"
                >
                  77.24
                </span>
              </td>
              <td
                className="number cell read-only"
                onContextMenu={[Function]}
                onDoubleClick={[Function]}
                onMouseDown={[Function]}
                onMouseOver={[Function]}
                onTouchEnd={[Function]}
                style={null}
              >
                <span>
                  75.35
                </span>
              </td>
              <td
                className="number cell read-only"
                onContextMenu={[Function]}
                onDoubleClick={[Function]}
                onMouseDown={[Function]}
                onMouseOver={[Function]}
                onTouchEnd={[Function]}
                style={null}
              >
                <span
                  className="value-viewer"
                >
                  25.47
                </span>
              </td>
              <td
                className="number cell read-only"
                onContextMenu={[Function]}
                onDoubleClick={[Function]}
                onMouseDown={[Function]}
                onMouseOver={[Function]}
                onTouchEnd={[Function]}
                style={null}
              >
                <span
                  className="value-viewer"
                >
                  1.00
                </span>
              </td>
              <td
                className="number cell read-only"
                onContextMenu={[Function]}
                onDoubleClick={[Function]}
                onMouseDown={[Function]}
                onMouseOver={[Function]}
                onTouchEnd={[Function]}
                style={null}
              >
                <span>
                  509,400,000
                </span>
              </td>
              <td
                className="number cell read-only"
                onContextMenu={[Function]}
                onDoubleClick={[Function]}
                onMouseDown={[Function]}
                onMouseOver={[Function]}
                onTouchEnd={[Function]}
                style={null}
              >
                <span>
                  963
                </span>
              </td>
            </tr>
          </tbody>
        </table>
      </span>
    </div>
    <div
      className="clear"
    />
    <div
      className="schedule-totals schedule-b react-draggable"
      onMouseDown={[Function]}
      onMouseUp={[Function]}
      onTouchEnd={[Function]}
      onTouchStart={[Function]}
      style={
        {
          "touchAction": "none",
          "transform": "translate(0px,0px)",
        }
      }
      transform={null}
    >
      <div
        className="row"
      >
        <div
          className="col-md-12"
        >
          <h2>
            Totals
          </h2>
        </div>
      </div>
      <div
        className="row net-total"
      >
        <div
          className="col-md-6"
        >
          <label
            htmlFor="net-total"
          >
            Net  
            Compliance Units
          </label>
        </div>
        <div
          className="col-md-6 value debit"
        >
          - 69,773
        </div>
      </div>
    </div>
    <div
      className="clear"
    />
  </div>
</div>
`;
